0 { 0 10 20 25 35 }
1 { 1 11 16 26 36 }
2 { 2 8 19 30 41 52 63 }
3 { 3 9 22 28 32 47 53 58 }
4 { 4 14 17 27 37 40 50 }
5 { 5 15 18 24 38 44 49 }
6 { 6 12 23 29 42 59 }
7 { 7 13 33 43 54 }
8 { 21 31 34 46 51 57 }
9 { 39 45 48 62 }
10 { 55 56 }
11 { 60 }
12 { 61 }

[ 0][ 1][ 2][ 3][ 4][ 5][ 6][ 7]
[ 2][ 3][ 0][ 1][ 6][ 7][ 4][ 5]
[ 1][ 4][ 5][ 2][ 0][ 8][ 3][ 6]
[ 5][ 0][ 1][ 4][ 3][ 6][ 2][ 8]
[ 3][ 7][ 8][ 0][ 1][ 4][ 5][ 9]
[ 4][ 2][ 6][ 7][ 5][ 9][ 8][ 3]
[ 9][ 5][ 4][ 8][ 2][ 3][ 7][10]
[10][ 8][ 3][ 6][11][12][ 9][ 2]
