| ## | Min | Max | Slack |
|  1 |   0 |   0 |     0 |
|  2 |   7 |   7 |     0 |
|  3 |   5 |  12 |     7 |
|  4 |  16 |  16 |     0 |
|  5 |  16 |  18 |     2 |
|  6 |  27 |  27 |     0 |
|  7 |  20 |  22 |     2 |
|  8 |  30 |  30 |     0 |
|  9 |  36 |  36 |     0 |
| 10 |  34 |  36 |     2 |
| 11 |  43 |  43 |     0 |

Critical path:
( 1) -> ( 2) -> ( 4) -> ( 6) -> ( 8) -> ( 9) -> (11)