| ## | Min | Max | Slack |
|  1 |   0 |   0 |     0 |
|  2 |  10 |  10 |     0 |
|  3 |   7 |  20 |    13 |
|  4 |  15 |  15 |     0 |
|  5 |  18 |  18 |     0 |
|  6 |  20 |  20 |     0 |
|  7 |  21 |  21 |     0 |
|  8 |  35 |  35 |     0 |

Critical path:
( 1) -> ( 2) -> ( 4) -> ( 5) -> ( 6) -> ( 7) -> ( 8)
