| ## | Min | Max | Slack |
|  1 |   0 |   0 |     0 |
|  2 |   7 |  16 |     9 |
|  3 |   5 |  10 |     5 |
|  4 |   7 |   7 |     0 |
|  5 |  10 |  19 |     9 |
|  6 |  15 |  15 |     0 |
|  7 |  22 |  22 |     0 |
|  8 |  26 |  26 |     0 |

Critical path:
( 1) -> ( 4) -> ( 6) -> ( 7) -> ( 8)
