Vertex | ( Neighbors )
0 | ( 1 9 )
2 | ( 3 4 70 )
7 | ( 5 65 465 )
8 | ( 1 9 10 )
11 | ( 3 9 10 )
13 | ( 12 231 467 )
15 | ( 12 16 17 )
18 | ( 16 19 20 )
21 | ( 22 23 24 )
25 | ( 23 26 27 )
28 | ( 19 24 27 42 )
30 | ( 26 45 66 )
32 | ( 31 181 387 )
34 | ( 31 124 456 )
35 | ( 31 122 123 )
36 | ( 37 38 39 )
40 | ( 29 43 44 )
41 | ( 29 )
46 | ( 45 47 63 )
48 | ( 47 49 440 )
52 | ( 50 411 422 )
53 | ( 50 466 467 )
55 | ( 54 68 430 )
56 | ( 54 420 523 )
57 | ( 5 67 69 )
58 | ( 59 60 66 )
61 | ( 14 22 23 )
62 | ( 63 64 465 )
71 | ( 70 72 74 )
73 | ( 72 95 458 )
75 | ( 72 76 77 )
78 | ( 49 293 300 )
79 | ( 49 256 300 )
80 | ( 33 81 82 )
84 | ( 83 141 150 )
85 | ( 83 149 150 151 )
86 | ( 6 87 116 )
89 | ( 74 98 100 )
90 | ( 74 103 )
91 | ( 6 87 92 96 )
93 | ( 77 94 95 141 )
97 | ( 95 140 546 )
99 | ( 98 101 103 )
102 | ( 101 133 )
104 | ( 4 105 476 )
106 | ( 4 69 108 )
107 | ( 4 105 108 )
110 | ( 109 437 )
112 | ( 109 )
113 | ( 100 265 475 )
114 | ( 76 100 )
117 | ( 115 120 154 )
118 | ( 119 120 121 )
126 | ( 81 122 125 )
127 | ( 125 223 225 )
128 | ( 125 309 412 )
130 | ( 87 92 129 )
134 | ( 131 260 )
135 | ( 94 147 148 )
136 | ( 83 94 141 148 )
137 | ( 76 363 364 )
138 | ( 51 59 139 )
142 | ( 143 144 382 )
146 | ( 143 144 371 )
152 | ( 88 115 154 356 )
153 | ( 88 129 356 )
155 | ( 154 355 356 )
156 | ( 119 157 158 )
159 | ( 160 161 162 )
164 | ( 161 242 252 )
165 | ( 161 487 489 )
166 | ( 167 168 169 )
170 | ( 171 172 177 )
173 | ( 174 175 176 )
178 | ( 177 457 547 )
179 | ( 123 180 503 )
183 | ( 182 207 432 )
184 | ( 182 207 281 )
185 | ( 182 281 282 )
186 | ( 187 188 )
189 | ( 190 191 192 )
193 | ( 194 195 196 )
197 | ( 195 196 198 )
201 | ( 199 202 )
204 | ( 203 222 )
206 | ( 203 205 )
208 | ( 207 )
209 | ( 195 210 211 )
212 | ( 205 219 433 )
214 | ( 210 213 )
215 | ( 216 217 )
218 | ( 196 200 219 )
220 | ( 192 216 221 )
224 | ( 194 223 509 )
227 | ( 226 390 538 )
228 | ( 226 230 302 )
229 | ( 226 291 325 )
232 | ( 231 405 410 )
234 | ( 233 265 475 )
235 | ( 233 442 475 )
236 | ( 132 233 )
237 | ( 121 158 238 )
240 | ( 239 255 261 )
241 | ( 239 261 )
244 | ( 162 243 259 263 )
245 | ( 243 263 )
246 | ( 167 243 372 )
247 | ( 248 249 250 )
251 | ( 162 252 253 )
254 | ( 253 262 268 )
257 | ( 256 295 393 )
258 | ( 145 256 472 )
264 | ( 262 518 )
266 | ( 249 316 345 )
267 | ( 249 271 359 )
269 | ( 242 )
270 | ( 81 352 413 )
272 | ( 271 )
273 | ( 271 283 284 )
274 | ( 175 366 419 )
275 | ( 175 284 366 )
276 | ( 277 278 )
279 | ( 277 280 281 )
286 | ( 287 288 289 )
290 | ( 288 291 292 )
294 | ( 44 293 )
296 | ( 295 395 400 )
297 | ( 295 299 301 )
303 | ( 302 313 533 )
304 | ( 302 540 )
305 | ( 39 292 306 )
307 | ( 308 309 310 )
312 | ( 311 320 333 )
315 | ( 311 450 453 )
317 | ( 316 341 344 )
319 | ( 314 346 353 )
321 | ( 322 323 324 )
326 | ( 325 350 535 )
328 | ( 194 329 330 )
331 | ( 310 342 365 )
332 | ( 310 330 412 508 )
334 | ( 335 336 337 )
339 | ( 338 )
340 | ( 338 360 )
343 | ( 308 344 345 )
347 | ( 327 335 348 )
349 | ( 318 453 )
351 | ( 308 345 352 )
354 | ( 353 443 )
357 | ( 260 )
358 | ( 359 )
361 | ( 324 344 506 )
362 | ( 341 )
367 | ( 285 515 516 )
368 | ( 163 285 417 )
369 | ( 370 371 372 )
373 | ( 298 374 375 )
376 | ( 372 377 378 )
380 | ( 379 470 )
381 | ( 379 394 396 )
383 | ( 309 384 385 )
386 | ( 83 151 387 )
388 | ( 187 282 )
389 | ( 111 187 282 )
391 | ( 390 397 533 )
392 | ( 390 530 531 )
398 | ( 397 543 545 )
401 | ( 38 403 406 )
402 | ( 20 38 406 )
404 | ( 399 530 539 )
408 | ( 407 409 410 )
414 | ( 378 470 471 )
415 | ( 378 396 )
416 | ( 163 417 418 )
421 | ( 420 425 428 )
423 | ( 217 422 439 )
424 | ( 422 425 426 )
427 | ( 221 428 429 )
431 | ( 430 463 )
434 | ( 202 433 )
435 | ( 222 433 )
436 | ( 210 211 )
438 | ( 198 211 511 )
444 | ( 445 446 )
447 | ( 446 451 452 )
448 | ( 346 449 )
454 | ( 120 )
455 | ( 92 456 )
459 | ( 191 )
461 | ( 432 460 462 )
464 | ( 462 524 525 )
468 | ( 39 403 469 )
473 | ( 441 474 )
477 | ( 437 476 478 )
480 | ( 479 481 482 )
483 | ( 481 485 486 )
484 | ( 481 485 492 )
488 | ( 482 487 493 )
491 | ( 486 )
494 | ( 482 492 )
495 | ( 490 492 )
496 | ( 6 140 546 )
497 | ( 475 498 499 )
501 | ( 363 499 500 )
502 | ( 180 )
504 | ( 413 )
505 | ( 250 )
507 | ( 322 )
510 | ( 329 )
512 | ( 157 176 513 )
514 | ( 158 )
517 | ( 261 268 )
519 | ( 216 449 520 )
521 | ( 190 192 522 )
526 | ( 221 )
527 | ( 428 )
528 | ( 410 )
529 | ( 409 )
532 | ( 298 )
534 | ( 287 289 335 )
536 | ( 291 537 538 )
541 | ( 540 )
542 | ( 520 )
544 | ( 289 )
548 | ( 82 )
549 | ( 157 )
