0 12 23 29 34 46 49 59 
[♛][ ][ ][ ][ ][ ][ ][ ]
[ ][ ][ ][ ][♛][ ][ ][ ]
[ ][ ][ ][ ][ ][ ][ ][♛]
[ ][ ][ ][ ][ ][♛][ ][ ]
[ ][ ][♛][ ][ ][ ][ ][ ]
[ ][ ][ ][ ][ ][ ][♛][ ]
[ ][♛][ ][ ][ ][ ][ ][ ]
[ ][ ][ ][♛][ ][ ][ ][ ]
